My Little book of Git
========================


echo "# linux_scripts" >> README.md
git init
git add README.md
git commit -m "first commit"
git remote add origin https://github.com/psibot/linux_scripts.git
git push -u origin master

git status
On branch master

No commits yet

Untracked files:
  (use "git add <file>..." to include in what will be committed)

	README.md

nothing added to commit but untracked files present (use "git add" to track)


deamon@HP-ZBook:~/Git/linux_scripts$ touch README.md
deamon@HP-ZBook:~/Git/linux_scripts$ vi README.md
deamon@HP-ZBook:~/Git/linux_scripts$ git status
On branch master

No commits yet

Untracked files:
  (use "git add <file>..." to include in what will be committed)

	README.md

nothing added to commit but untracked files present (use "git add" to track)
deamon@HP-ZBook:~/Git/linux_scripts$ git add README.md
deamon@HP-ZBook:~/Git/linux_scripts$ git status
On branch master

No commits yet

Changes to be committed:
  (use "git rm --cached <file>..." to unstage)

	new file:   README.md

deamon@HP-ZBook:~/Git/linux_scripts$ git rm --cached  README.md
rm 'README.md'
deamon@HP-ZBook:~/Git/linux_scripts$ git status
On branch master

No commits yet

Untracked files:
  (use "git add <file>..." to include in what will be committed)

	README.md

nothing added to commit but untracked files present (use "git add" to track)
deamon@HP-ZBook:~/Git/linux_scripts$

--------------------------------------------------------------------------------

eamon@HP-ZBook:~/Git/linux_scripts$ vi README.md
deamon@HP-ZBook:~/Git/linux_scripts$ git status
On branch master

No commits yet

Untracked files:
  (use "git add <file>..." to include in what will be committed)

	README.md

nothing added to commit but untracked files present (use "git add" to track)
deamon@HP-ZBook:~/Git/linux_scripts$ git add README.md
deamon@HP-ZBook:~/Git/linux_scripts$ git status
On branch master

No commits yet

Changes to be committed:
  (use "git rm --cached <file>..." to unstage)

	new file:   README.md

deamon@HP-ZBook:~/Git/linux_scripts$ git rm --cached  README.md
rm 'README.md'
deamon@HP-ZBook:~/Git/linux_scripts$ git status
On branch master

No commits yet

Untracked files:
  (use "git add <file>..." to include in what will be committed)

	README.md

nothing added to commit but untracked files present (use "git add" to track)
deamon@HP-ZBook:~/Git/linux_scripts$ git add README.md
deamon@HP-ZBook:~/Git/linux_scripts$ git config --global user.name "psibot"
deamon@HP-ZBook:~/Git/linux_scripts$ git config --global user.email "coenraadlamprecht@gmail.com"
deamon@HP-ZBook:~/Git/linux_scripts$ cat ~/.gitconfig
[user]
	name = psibot
	email = coenraadlamprecht@gmail.com
deamon@HP-ZBook:~/Git/linux_scripts$


--------------------------------------------------------------------------------

deamon@HP-ZBook:~/Git/linux_scripts$ git status
On branch master

No commits yet

Changes to be committed:
  (use "git rm --cached <file>..." to unstage)

	new file:   README.md

deamon@HP-ZBook:~/Git/linux_scripts$ git commit
[master (root-commit) ab96f61] Initial Commit
 1 file changed, 3 insertions(+)
 create mode 100644 README.md
deamon@HP-ZBook:~/Git/linux_scripts$ git status
On branch master
nothing to commit, working tree clean
deamon@HP-ZBook:~/Git/linux_scripts$ ls -al
total 16
drwxr-xr-x 3 deamon deamon 4096 Jan  4 10:13 .
drwxr-xr-x 9 deamon deamon 4096 Jan  4 10:04 ..
drwxr-xr-x 8 deamon deamon 4096 Jan  4 10:21 .git
-rw-r--r-- 1 deamon deamon   39 Jan  4 10:13 README.md
deamon@HP-ZBook:~/Git/linux_scripts$ rm *
deamon@HP-ZBook:~/Git/linux_scripts$ ls
deamon@HP-ZBook:~/Git/linux_scripts$ ls -al
total 12
drwxr-xr-x 3 deamon deamon 4096 Jan  4 10:22 .
drwxr-xr-x 9 deamon deamon 4096 Jan  4 10:04 ..
drwxr-xr-x 8 deamon deamon 4096 Jan  4 10:21 .git
deamon@HP-ZBook:~/Git/linux_scripts$ git status
On branch master
Changes not staged for commit:
  (use "git add/rm <file>..." to update what will be committed)
  (use "git checkout -- <file>..." to discard changes in working directory)

	deleted:    README.md

no changes added to commit (use "git add" and/or "git commit -a")
deamon@HP-ZBook:~/Git/linux_scripts$ git checkout *
deamon@HP-ZBook:~/Git/linux_scripts$ ls
README.md
deamon@HP-ZBook:~/Git/linux_scripts$ git status
On branch master
nothing to commit, working tree clean


--------------------------------------------------------------------------------

Changes !!!!

deamon@HP-ZBook:~/Git/linux_scripts$ vi README.md
deamon@HP-ZBook:~/Git/linux_scripts$ git status
On branch master
Changes not staged for commit:
  (use "git add <file>..." to update what will be committed)
  (use "git checkout -- <file>..." to discard changes in working directory)

	modified:   README.md

no changes added to commit (use "git add" and/or "git commit -a")
deamon@HP-ZBook:~/Git/linux_scripts$ git diff
diff --git a/README.md b/README.md
index ba2a983..ef377b3 100644
--- a/README.md
+++ b/README.md
@@ -1,3 +1,3 @@
 # This is linux scripts

-Version 0.0.1
+Version 0.0.2

deamon@HP-ZBook:~/Git/linux_scripts$ git add README.md
deamon@HP-ZBook:~/Git/linux_scripts$ git status
On branch master
Changes to be committed:
  (use "git reset HEAD <file>..." to unstage)

	modified:   README.md

deamon@HP-ZBook:~/Git/linux_scripts$ git commit
[master 77514d7] Second Commit
 1 file changed, 1 insertion(+), 1 deletion(-)
deamon@HP-ZBook:~/Git/linux_scripts$ git status
On branch master
nothing to commit, working tree clean
deamon@HP-ZBook:~/Git/linux_scripts$
--------------------------------------------------------------------------------

Git logs

deamon@HP-ZBook:~/Git/linux_scripts$ git log
commit 77514d7fa3e63e607f23e9b7b43ef2b8576c3e6d (HEAD -> master)
Author: psibot <coenraadlamprecht@gmail.com>
Date:   Fri Jan 4 10:27:21 2019 +0200

    Second Commit

    README.md  Version 0.0.2

commit ab96f61cb559576ecc3f1430803f486b0e0e4bf5
Author: psibot <coenraadlamprecht@gmail.com>
Date:   Fri Jan 4 10:20:07 2019 +0200

    Initial Commit
deamon@HP-ZBook:~/Git/linux_scripts$ git show 77514d7fa3e63e607f23e9b7b43ef2b8576c3e6d
commit 77514d7fa3e63e607f23e9b7b43ef2b8576c3e6d (HEAD -> master)
Author: psibot <coenraadlamprecht@gmail.com>
Date:   Fri Jan 4 10:27:21 2019 +0200

    Second Commit

    README.md  Version 0.0.2

diff --git a/README.md b/README.md
index ba2a983..ef377b3 100644
--- a/README.md
+++ b/README.md
@@ -1,3 +1,3 @@
 # This is linux scripts

-Version 0.0.1
+Version 0.0.2
deamon@HP-ZBook:~/Git/linux_scripts$

git log ---- show history 
git show ++++++++ ------ show change info  

